../Core/Src/stm32f4xx_hal_msp.c:65:6:HAL_MspInit	8	static
../Core/Src/stm32f4xx_hal_msp.c:90:6:HAL_I2C_MspInit	48	static
../Core/Src/stm32f4xx_hal_msp.c:127:6:HAL_I2C_MspDeInit	8	static
../Core/Src/stm32f4xx_hal_msp.c:158:6:HAL_TIM_Encoder_MspInit	56	static
../Core/Src/stm32f4xx_hal_msp.c:226:6:HAL_TIM_Base_MspInit	56	static
../Core/Src/stm32f4xx_hal_msp.c:302:6:HAL_TIM_MspPostInit	40	static
../Core/Src/stm32f4xx_hal_msp.c:377:6:HAL_TIM_Encoder_MspDeInit	8	static
../Core/Src/stm32f4xx_hal_msp.c:426:6:HAL_TIM_Base_MspDeInit	8	static
../Core/Src/stm32f4xx_hal_msp.c:500:6:HAL_UART_MspInit	40	static
../Core/Src/stm32f4xx_hal_msp.c:540:6:HAL_UART_MspDeInit	8	static
